this is test log1
